../Core/Src/main.c:124:7:microDelay	16	static
../Core/Src/main.c:130:10:DHT11_Start	32	static
../Core/Src/main.c:161:10:DHT11_Read	16	static
../Core/Src/main.c:196:8:sendData	40	static
../Core/Src/main.c:204:8:HAL_UART_RxCpltCallback	16	static
../Core/Src/main.c:231:5:main	192	static
../Core/Src/main.c:353:6:SystemClock_Config	88	static
../Core/Src/main.c:400:13:MX_ADC1_Init	24	static
../Core/Src/main.c:452:13:MX_TIM1_Init	32	static
../Core/Src/main.c:498:13:MX_TIM3_Init	64	static
../Core/Src/main.c:557:13:MX_TIM4_Init	64	static
../Core/Src/main.c:616:13:MX_USART1_UART_Init	8	static
../Core/Src/main.c:649:13:MX_USART2_UART_Init	8	static
../Core/Src/main.c:682:13:MX_GPIO_Init	48	static
../Core/Src/main.c:762:6:StartControl	16	static
../Core/Src/main.c:818:6:StartThermal_and_Humidity	24	static
../Core/Src/main.c:852:6:StartDust	16	static
../Core/Src/main.c:884:6:StartUltrasonic	24	static
../Core/Src/main.c:918:6:StartAverage	16	static
../Core/Src/main.c:955:6:StartnodeMCUsend	16	static
../Core/Src/main.c:975:6:HAL_TIM_PeriodElapsedCallback	16	static
../Core/Src/main.c:992:6:Error_Handler	4	static,ignoring_inline_asm
