../Core/Src/stm32f4xx_it.c:73:6:NMI_Handler	0	static
../Core/Src/stm32f4xx_it.c:88:6:HardFault_Handler	0	static
../Core/Src/stm32f4xx_it.c:103:6:MemManage_Handler	0	static
../Core/Src/stm32f4xx_it.c:118:6:BusFault_Handler	0	static
../Core/Src/stm32f4xx_it.c:133:6:UsageFault_Handler	0	static
../Core/Src/stm32f4xx_it.c:148:6:DebugMon_Handler	0	static
../Core/Src/stm32f4xx_it.c:168:6:TIM1_TRG_COM_TIM11_IRQHandler	8	static
../Core/Src/stm32f4xx_it.c:183:6:USART1_IRQHandler	0	static
../Core/Src/stm32f4xx_it.c:197:6:USART2_IRQHandler	0	static
